// Jest Snapshot v1, https://goo.gl/fbAQLP

exports[`FormSelector Tests +++ renders <snapshot> correctly 1`] = `
<div>
  <div>
    <div>
      <input
        class="displayInline"
        id="145492013"
        name="145492013"
        type="checkbox"
      />
      <label
        for="145492013"
      >
        Handpump
      </label>
    </div>
  </div>
</div>
`;
