// Jest Snapshot v1, https://goo.gl/fbAQLP

exports[`FormSelector Tests +++ renders <snapshot> correctly 1`] = `
<div>
  <div
    class="form-selector"
  >
    <div
      class="form"
    >
      <label
        for="145492013"
      >
        <p>
          Handpump
        </p>
        <span>
          145492013
        </span>
      </label>
      <label
        class="switch"
        for="145492013"
      >
        <input
          data-testid="switch-box"
          id="145492013"
          name="145492013"
          type="checkbox"
        />
        <span
          class="slider round"
        />
      </label>
    </div>
  </div>
</div>
`;
