// Jest Snapshot v1, https://goo.gl/fbAQLP

exports[`Checkbox Tests +++ renders <snapshot> 1`] = `
<div>
  <label
    class="checkbox-container"
    for="809082"
  >
    Fake checkbox
    <input
      class="displayInline"
      id="809082"
      name="809082"
      type="checkbox"
    />
    <span
      class="checkmark"
    />
  </label>
</div>
`;
